success
success
success
success
success
goat
650 320 
