success
success
success
success
success
879 328 776 423 
