success
success
success
success
success
success
success
0 0 0 0 0 0 
Mike is super duper go team UNKNOWN UNKNOWN UNKNOWN UNKNOWN 
390 220 544 214 
559 423 
